[dotenv@17.2.3] injecting env (5) from .env -- tip: ≡ƒùé∩╕Å backup and recover secrets: https://dotenvx.com/ops


  ERC20 Faucet DApp
    Γ£ö allows user to claim tokens (792ms)
    1) reverts during cooldown
    2) admin can pause faucet


  1 passing (890ms)
  2 failing

  1) ERC20 Faucet DApp
       reverts during cooldown:
     Error: Invalid Chai property: revertedWith
      at Object.proxyGetter [as get] (node_modules\chai\lib\chai\utils\proxify.js:78:17)
      at Context.<anonymous> (test\TokenFaucet.test.js:36:12)

  2) ERC20 Faucet DApp
       admin can pause faucet:
     Error: Invalid Chai property: revertedWith
      at Object.proxyGetter [as get] (node_modules\chai\lib\chai\utils\proxify.js:78:17)
      at Context.<anonymous> (test\TokenFaucet.test.js:45:12)



